Log file open, 05/05/26 19:20:18
----------------------------Core - Release----------------------------
Analyzing...
Parsing Object
Parsing Subsystem
Parsing Commandlet
Parsing Locale
Parsing ParamStack
Parsing Time
Compiling Object
Compiling Subsystem
Compiling Commandlet
Compiling Locale
Compiling ParamStack
Compiling Time
Importing Defaults for Object
Importing Defaults for Subsystem
Importing Defaults for Commandlet
Importing Defaults for Locale
Importing Defaults for ParamStack
Importing Defaults for Time
---------------------------Engine - Release---------------------------
Analyzing...
Parsing Engine
Parsing GameEngine
Parsing Actor
Parsing DecoVolumeObject
Parsing Keypoint
Parsing DecorationList
Parsing LookTarget
Parsing AIScript
Parsing InterpolationPoint
Parsing AmbientSound
Parsing PolyMarker
Parsing ClipMarker
Parsing Info
Parsing TerrainInfo
Parsing Security
Parsing SceneManager
Parsing FluidSurfaceInfo
Parsing GameInfo
Parsing Mutator
Parsing ReplicationInfo
Parsing TeamInfo
Parsing GameReplicationInfo
Parsing PlayerReplicationInfo
Parsing PotentialClimbWatcher
Parsing InternetInfo
Parsing SavedMove
Parsing ZoneInfo
Parsing WarpZoneInfo
Parsing SkyZoneInfo
Parsing LevelInfo
*** Error spawning xDxTex.exe errno: 2
*** Error spawning xDxTex.exe errno: 2
Parsing GameStats
Parsing FileLog
Parsing AccessControl
Parsing BroadcastHandler
Parsing LocalMessage
Parsing FailedConnect
Parsing GameMessage
Parsing GameRules
Parsing L2FogInfo
Parsing MapList
Parsing ScoreBoard
Parsing VoicePack
Parsing VolumeTimer
Parsing StaticMeshActor
Parsing L2MovableStaticMeshActor
Parsing MatDemoActor
Parsing Projector
*** Error spawning xDxTex.exe errno: 2
*** Error spawning xDxTex.exe errno: 2
Parsing DynamicProjector
Parsing MarkProjector
Parsing ShadowProjector
Parsing Pawn
Parsing Vehicle
Parsing Scout
Parsing KVehicle
Parsing NAgathion
Parsing Emitter
Parsing L2Indicator
Parsing NCubics
Parsing NProjectile
Parsing NSkillProjectile
Parsing Mover
Parsing PrecacheHack
Parsing FluidSurfaceOscillator
Parsing Triggers
Parsing AvoidMarker
Parsing LineOfSightTrigger
Parsing Trigger
Parsing ZoneTrigger
Parsing MaterialTrigger
Parsing MusicTrigger
Parsing UseTrigger
Parsing NavigationPoint
Parsing JumpDest
Parsing JumpPad
Parsing Door
Parsing AutoDoor
Parsing SmallNavigationPoint
Parsing Ladder
Parsing AutoLadder
Parsing WarpZoneMarker
Parsing AIMarker
Parsing InventorySpot
Parsing PlayerStart
Parsing Teleporter
Parsing LiftExit
Parsing LiftCenter
Parsing PathNode
Parsing AntiPortalActor
Parsing InventoryAttachment
Parsing WeaponAttachment
Parsing Brush
Parsing Volume
Parsing BlockingVolume
Parsing PhysicsVolume
Parsing LadderVolume
Parsing DefaultPhysicsVolume
Parsing DamageType
Parsing Crushed
Parsing DamTypeTelefragged
Parsing fell
Parsing FellLava
Parsing Gibbed
Parsing Suicided
Parsing VehiclePart
Parsing Controller
Parsing PlayerController
Parsing Camera
Parsing MessagingSpectator
Parsing DemoRecSpectator
Parsing AIController
Parsing Inventory
Parsing Ammunition
Parsing Powerups
Parsing Armor
Parsing Weapon
*** Error spawning xDxTex.exe errno: 2
Parsing Pickup
Parsing Ammo
Parsing ArmorPickup
Parsing WeaponPickup
Parsing HUD
Parsing Projectile
Parsing Decoration
Parsing Vignette
Parsing Note
Parsing WeaponFire
Parsing Light
Parsing KActor
Parsing KTire
Parsing KConstraint
Parsing KCarWheelJoint
Parsing KConeLimit
Parsing KHinge
Parsing KBSJoint
Parsing xWeatherEffect
*** Error spawning xDxTex.exe errno: 2
Parsing xProcMesh
Parsing xPickUpBase
Parsing xEmitter
*** Error spawning xDxTex.exe errno: 2
Parsing CarriedObject
Parsing Decal
Parsing Effects
Parsing Fragment
Parsing KVehicleFactory
Parsing L2Alarm
Parsing L2CenterdDiamond
Parsing L2Dice
Parsing L2Float
Parsing L2NMover
Parsing NLine
Parsing NMoon
Parsing ViewportWindowController
Parsing xMaterialController
Parsing xMaterialTrigger
Parsing ParticleEmitter
Parsing VertMeshEmitter
Parsing TrailEmitter
Parsing SpriteEmitter
Parsing SparkEmitter
Parsing MeshEmitter
Parsing BeamEmitter
Parsing Material
Parsing RenderedMaterial
Parsing BitmapMaterial
Parsing Texture
Parsing Cubemap
Parsing RealtimeGenerationTexture
Parsing ColorMask
Parsing ColorWheel
Parsing MaskTexture
Parsing ShadowBitmapMaterial
*** Error spawning xDxTex.exe errno: 2
Parsing ScriptedTexture
Parsing TerrainMaterial
Parsing ProjectorMaterial
Parsing ParticleMaterial
Parsing VertexColor
Parsing ConstantMaterial
Parsing FadeColor
Parsing ConstantColor
Parsing Shader
Parsing Modifier
Parsing OpacityModifier
Parsing MaterialSequence
Parsing MaterialSwitch
Parsing FinalBlend
Parsing TexModifier
Parsing TexCoordSource
Parsing TexMatrix
Parsing TexEnvMap
Parsing TexOscillator
Parsing TexOscillatorTriggered
Parsing TexRotator
Parsing TexScaler
Parsing TexPanner
Parsing TexPannerTriggered
Parsing ColorModifier
Parsing GlowModifier
Parsing L2ColorModifier
Parsing Combiner
Parsing UserDefinableMaterial
Parsing Palette
Parsing AnimNotify
Parsing AnimNotify_MatSubAction
Parsing AnimNotify_Scripted
Parsing AnimNotify_Trigger
Parsing AnimNotify_Script
Parsing AnimNotify_Sound
Parsing AnimNotify_DestroyEffect
Parsing AnimNotify_Effect
Parsing MatObject
Parsing MatSubAction
Parsing SubActionSceneSpeed
Parsing SubActionGameSpeed
Parsing SubActionOrientation
Parsing SubActionCameraShake
Parsing SubActionFOV
Parsing SubActionTrigger
Parsing SubActionFade
Parsing SubActionCameraEffect
Parsing MatAction
Parsing ActionPause
Parsing ActionMoveCamera
Parsing MeshObject
Parsing Player
Parsing PlayInfo
Parsing Interactions
Parsing InteractionMaster
Parsing Interaction
Parsing BaseGUIController
*** Error spawning xDxTex.exe errno: 2
*** Error spawning xDxTex.exe errno: 2
*** Error spawning xDxTex.exe errno: 2
Parsing Console
Parsing AdminBase
Parsing Admin
Parsing PlayerInput
Parsing XBoxPlayerInput
Parsing CheatManager
Parsing Canvas
*** Error spawning xDxTex.exe errno: 2
*** Error spawning xDxTex.exe errno: 2
*** Error spawning xDxTex.exe errno: 2
Parsing CameraEffect
Parsing CameraOverlay
Parsing MotionBlur
Parsing I3DL2Listener
Parsing Sound
Parsing SoundGroup
Parsing ProceduralSound
Parsing GameProfile
Parsing Manifest
Parsing LogEntry
Parsing LevelSummary
Parsing ReachSpec
Parsing Spline
Parsing KarmaParamsCollision
Parsing KarmaParams
Parsing KarmaParamsSkel
Parsing KarmaParamsRBFull
Parsing Bitmap
Parsing ExtraMeshData
Parsing L2EffectEmitter
Parsing L2SkillEffect
Parsing LadderInfo
Parsing MatchInfo
Parsing MeshComponent
Parsing MeshContainer
Parsing ObjectPool
Parsing PawnSheathingMgr
Parsing Resource
Parsing SimulationCollision
Parsing XAdminBase
Parsing xAdminConfigBase
Parsing xAdminGroup
Parsing xAdminGroupList
Parsing xAdminUser
Parsing xAdminUserList
Parsing xPrivilegeBase
Compiling Engine
Compiling GameEngine
Compiling Actor
Compiling DecoVolumeObject
Compiling Keypoint
Compiling DecorationList
Compiling LookTarget
Compiling AIScript
Compiling InterpolationPoint
Compiling AmbientSound
Compiling PolyMarker
Compiling ClipMarker
Compiling Info
Compiling TerrainInfo
Compiling Security
Compiling SceneManager
Compiling FluidSurfaceInfo
Compiling Mutator
Compiling ReplicationInfo
Compiling TeamInfo
Compiling GameReplicationInfo
Compiling PlayerReplicationInfo
Compiling PotentialClimbWatcher
Compiling InternetInfo
Compiling SavedMove
Compiling ZoneInfo
Compiling WarpZoneInfo
Compiling SkyZoneInfo
Compiling LevelInfo
Compiling GameInfo
Compiling GameStats
Compiling FileLog
Compiling AccessControl
Compiling BroadcastHandler
Compiling LocalMessage
Compiling FailedConnect
Compiling GameMessage
Compiling GameRules
Compiling L2FogInfo
Compiling MapList
Compiling ScoreBoard
Compiling VoicePack
Compiling VolumeTimer
Compiling StaticMeshActor
Compiling L2MovableStaticMeshActor
Compiling MatDemoActor
Compiling Projector
Compiling DynamicProjector
Compiling MarkProjector
Compiling ShadowProjector
Compiling Pawn
Compiling Vehicle
Compiling Scout
Compiling KVehicle
Compiling NAgathion
Compiling Emitter
Compiling L2Indicator
Compiling NCubics
Compiling NProjectile
Compiling NSkillProjectile
Compiling Mover
Compiling PrecacheHack
Compiling FluidSurfaceOscillator
Compiling Triggers
Compiling AvoidMarker
Compiling LineOfSightTrigger
Compiling Trigger
Compiling ZoneTrigger
Compiling MaterialTrigger
Compiling MusicTrigger
Compiling UseTrigger
Compiling NavigationPoint
Compiling JumpDest
Compiling JumpPad
Compiling Door
Compiling AutoDoor
Compiling SmallNavigationPoint
Compiling Ladder
Compiling AutoLadder
Compiling WarpZoneMarker
Compiling AIMarker
Compiling InventorySpot
Compiling PlayerStart
Compiling Teleporter
Compiling LiftExit
Compiling LiftCenter
Compiling PathNode
Compiling AntiPortalActor
Compiling InventoryAttachment
Compiling WeaponAttachment
Compiling Brush
Compiling Volume
Compiling BlockingVolume
Compiling PhysicsVolume
Compiling LadderVolume
Compiling DefaultPhysicsVolume
Compiling DamageType
Compiling Crushed
Compiling DamTypeTelefragged
Compiling fell
Compiling FellLava
Compiling Gibbed
Compiling Suicided
Compiling VehiclePart
Compiling Controller
Compiling PlayerController
Compiling Camera
Compiling MessagingSpectator
Compiling DemoRecSpectator
Compiling AIController
Compiling Inventory
Compiling Ammunition
Compiling Powerups
Compiling Armor
Compiling Weapon
Compiling Pickup
Compiling Ammo
Compiling ArmorPickup
Compiling WeaponPickup
Compiling HUD
Compiling Projectile
Compiling Decoration
Compiling Vignette
Compiling Note
Compiling WeaponFire
Compiling Light
Compiling KActor
Compiling KTire
Compiling KConstraint
Compiling KCarWheelJoint
Compiling KConeLimit
Compiling KHinge
Compiling KBSJoint
Compiling xWeatherEffect
Compiling xProcMesh
Compiling xPickUpBase
Compiling xEmitter
Compiling CarriedObject
Compiling Decal
Compiling Effects
Compiling Fragment
Compiling KVehicleFactory
Compiling L2Alarm
Compiling L2CenterdDiamond
Compiling L2Dice
Compiling L2Float
Compiling L2NMover
Compiling NLine
Compiling NMoon
Compiling ViewportWindowController
Compiling xMaterialController
Compiling xMaterialTrigger
Compiling ParticleEmitter
Compiling VertMeshEmitter
Compiling TrailEmitter
Compiling SpriteEmitter
Compiling SparkEmitter
Compiling MeshEmitter
Compiling BeamEmitter
Compiling Material
Compiling RenderedMaterial
Compiling BitmapMaterial
Compiling Texture
Compiling Cubemap
Compiling RealtimeGenerationTexture
Compiling ColorMask
Compiling ColorWheel
Compiling MaskTexture
Compiling ShadowBitmapMaterial
Compiling ScriptedTexture
Compiling TerrainMaterial
Compiling ProjectorMaterial
Compiling ParticleMaterial
Compiling VertexColor
Compiling ConstantMaterial
Compiling FadeColor
Compiling ConstantColor
Compiling Shader
Compiling Modifier
Compiling OpacityModifier
Compiling MaterialSequence
Compiling MaterialSwitch
Compiling FinalBlend
Compiling TexModifier
Compiling TexCoordSource
Compiling TexMatrix
Compiling TexEnvMap
Compiling TexOscillator
Compiling TexOscillatorTriggered
Compiling TexRotator
Compiling TexScaler
Compiling TexPanner
Compiling TexPannerTriggered
Compiling ColorModifier
Compiling GlowModifier
Compiling L2ColorModifier
Compiling Combiner
Compiling UserDefinableMaterial
Compiling Palette
Compiling AnimNotify
Compiling AnimNotify_MatSubAction
Compiling AnimNotify_Scripted
Compiling AnimNotify_Trigger
Compiling AnimNotify_Script
Compiling AnimNotify_Sound
Compiling AnimNotify_DestroyEffect
Compiling AnimNotify_Effect
Compiling MatObject
Compiling MatSubAction
Compiling SubActionSceneSpeed
Compiling SubActionGameSpeed
Compiling SubActionOrientation
Compiling SubActionCameraShake
Compiling SubActionFOV
Compiling SubActionTrigger
Compiling SubActionFade
Compiling SubActionCameraEffect
Compiling MatAction
Compiling ActionPause
Compiling ActionMoveCamera
Compiling MeshObject
Compiling Player
Compiling PlayInfo
Compiling Interactions
Compiling InteractionMaster
Compiling Interaction
Compiling BaseGUIController
Compiling Console
Compiling AdminBase
Compiling Admin
Compiling PlayerInput
Compiling XBoxPlayerInput
Compiling CheatManager
Compiling Canvas
Compiling CameraEffect
Compiling CameraOverlay
Compiling MotionBlur
Compiling I3DL2Listener
Compiling Sound
Compiling SoundGroup
Compiling ProceduralSound
Compiling GameProfile
Compiling Manifest
Compiling LogEntry
Compiling LevelSummary
Compiling ReachSpec
Compiling Spline
Compiling KarmaParamsCollision
Compiling KarmaParams
Compiling KarmaParamsSkel
Compiling KarmaParamsRBFull
Compiling Bitmap
Compiling ExtraMeshData
Compiling L2EffectEmitter
Compiling L2SkillEffect
Compiling LadderInfo
Compiling MatchInfo
Compiling MeshComponent
Compiling MeshContainer
Compiling ObjectPool
Compiling PawnSheathingMgr
Compiling Resource
Compiling SimulationCollision
Compiling XAdminBase
Compiling xAdminConfigBase
Compiling xAdminGroup
Compiling xAdminGroupList
Compiling xAdminUser
Compiling xAdminUserList
Compiling xPrivilegeBase
Importing Defaults for Engine
Importing Defaults for GameEngine
Importing Defaults for Actor
Importing Defaults for DecoVolumeObject
Importing Defaults for Keypoint
Importing Defaults for DecorationList
Importing Defaults for LookTarget
Importing Defaults for AIScript
Importing Defaults for InterpolationPoint
Importing Defaults for AmbientSound
Importing Defaults for PolyMarker
Importing Defaults for ClipMarker
Importing Defaults for Info
Importing Defaults for TerrainInfo
Importing Defaults for Security
Importing Defaults for SceneManager
Importing Defaults for FluidSurfaceInfo
Importing Defaults for Mutator
Importing Defaults for ReplicationInfo
Importing Defaults for TeamInfo
Importing Defaults for GameReplicationInfo
Importing Defaults for PlayerReplicationInfo
Importing Defaults for PotentialClimbWatcher
Importing Defaults for InternetInfo
Importing Defaults for SavedMove
Importing Defaults for ZoneInfo
Importing Defaults for WarpZoneInfo
Importing Defaults for SkyZoneInfo
Importing Defaults for LevelInfo
Importing Defaults for GameInfo
Importing Defaults for GameStats
Importing Defaults for FileLog
Importing Defaults for AccessControl
Importing Defaults for BroadcastHandler
Importing Defaults for LocalMessage
Importing Defaults for FailedConnect
Importing Defaults for GameMessage
Importing Defaults for GameRules
Importing Defaults for L2FogInfo
Importing Defaults for MapList
Importing Defaults for ScoreBoard
Importing Defaults for VoicePack
Importing Defaults for VolumeTimer
Importing Defaults for StaticMeshActor
Importing Defaults for L2MovableStaticMeshActor
Importing Defaults for MatDemoActor
Importing Defaults for Projector
Importing Defaults for DynamicProjector
Importing Defaults for MarkProjector
Importing Defaults for ShadowProjector
Importing Defaults for Pawn
Importing Defaults for Vehicle
Importing Defaults for Scout
Importing Defaults for KVehicle
Importing Defaults for NAgathion
Importing Defaults for Emitter
Importing Defaults for L2Indicator
Importing Defaults for NCubics
Importing Defaults for NProjectile
Importing Defaults for NSkillProjectile
Importing Defaults for Mover
Importing Defaults for PrecacheHack
Importing Defaults for FluidSurfaceOscillator
Importing Defaults for Triggers
Importing Defaults for AvoidMarker
Importing Defaults for LineOfSightTrigger
Importing Defaults for Trigger
Importing Defaults for ZoneTrigger
Importing Defaults for MaterialTrigger
Importing Defaults for MusicTrigger
Importing Defaults for UseTrigger
Importing Defaults for NavigationPoint
Importing Defaults for JumpDest
Importing Defaults for JumpPad
Importing Defaults for Door
Importing Defaults for AutoDoor
Importing Defaults for SmallNavigationPoint
Importing Defaults for Ladder
Importing Defaults for AutoLadder
Importing Defaults for WarpZoneMarker
Importing Defaults for AIMarker
Importing Defaults for InventorySpot
Importing Defaults for PlayerStart
Importing Defaults for Teleporter
Importing Defaults for LiftExit
Importing Defaults for LiftCenter
Importing Defaults for PathNode
Importing Defaults for AntiPortalActor
Importing Defaults for InventoryAttachment
Importing Defaults for WeaponAttachment
Importing Defaults for Brush
Importing Defaults for Volume
Importing Defaults for BlockingVolume
Importing Defaults for PhysicsVolume
Importing Defaults for LadderVolume
Importing Defaults for DefaultPhysicsVolume
Importing Defaults for DamageType
Importing Defaults for Crushed
Importing Defaults for DamTypeTelefragged
Importing Defaults for fell
Importing Defaults for FellLava
Importing Defaults for Gibbed
Importing Defaults for Suicided
Importing Defaults for VehiclePart
Importing Defaults for Controller
Importing Defaults for PlayerController
Importing Defaults for Camera
Importing Defaults for MessagingSpectator
Importing Defaults for DemoRecSpectator
Importing Defaults for AIController
Importing Defaults for Inventory
Importing Defaults for Ammunition
Importing Defaults for Powerups
Importing Defaults for Armor
Importing Defaults for Weapon
Importing Defaults for Pickup
Importing Defaults for Ammo
Importing Defaults for ArmorPickup
Importing Defaults for WeaponPickup
Importing Defaults for HUD
Importing Defaults for Projectile
Importing Defaults for Decoration
Importing Defaults for Vignette
Importing Defaults for Note
Importing Defaults for WeaponFire
Importing Defaults for Light
Importing Defaults for KActor
Importing Defaults for KTire
Importing Defaults for KConstraint
Importing Defaults for KCarWheelJoint
Importing Defaults for KConeLimit
Importing Defaults for KHinge
Importing Defaults for KBSJoint
Importing Defaults for xWeatherEffect
Importing Defaults for xProcMesh
Importing Defaults for xPickUpBase
Importing Defaults for xEmitter
Importing Defaults for CarriedObject
Importing Defaults for Decal
Importing Defaults for Effects
Importing Defaults for Fragment
Importing Defaults for KVehicleFactory
Importing Defaults for L2Alarm
Importing Defaults for L2CenterdDiamond
Importing Defaults for L2Dice
Importing Defaults for L2Float
Importing Defaults for L2NMover
Importing Defaults for NLine
Importing Defaults for NMoon
Importing Defaults for ViewportWindowController
Importing Defaults for xMaterialController
Importing Defaults for xMaterialTrigger
Importing Defaults for ParticleEmitter
Importing Defaults for VertMeshEmitter
Importing Defaults for TrailEmitter
Importing Defaults for SpriteEmitter
Importing Defaults for SparkEmitter
Importing Defaults for MeshEmitter
Importing Defaults for BeamEmitter
Importing Defaults for Material
Importing Defaults for RenderedMaterial
Importing Defaults for BitmapMaterial
Importing Defaults for Texture
Importing Defaults for Cubemap
Importing Defaults for RealtimeGenerationTexture
Importing Defaults for ColorMask
Importing Defaults for ColorWheel
Importing Defaults for MaskTexture
Importing Defaults for ShadowBitmapMaterial
Importing Defaults for ScriptedTexture
Importing Defaults for TerrainMaterial
Importing Defaults for ProjectorMaterial
Importing Defaults for ParticleMaterial
Importing Defaults for VertexColor
Importing Defaults for ConstantMaterial
Importing Defaults for FadeColor
Importing Defaults for ConstantColor
Importing Defaults for Shader
Importing Defaults for Modifier
Importing Defaults for OpacityModifier
Importing Defaults for MaterialSequence
Importing Defaults for MaterialSwitch
Importing Defaults for FinalBlend
Importing Defaults for TexModifier
Importing Defaults for TexCoordSource
Importing Defaults for TexMatrix
Importing Defaults for TexEnvMap
Importing Defaults for TexOscillator
Importing Defaults for TexOscillatorTriggered
Importing Defaults for TexRotator
Importing Defaults for TexScaler
Importing Defaults for TexPanner
Importing Defaults for TexPannerTriggered
Importing Defaults for ColorModifier
Importing Defaults for GlowModifier
Importing Defaults for L2ColorModifier
Importing Defaults for Combiner
Importing Defaults for UserDefinableMaterial
Importing Defaults for Palette
Importing Defaults for AnimNotify
Importing Defaults for AnimNotify_MatSubAction
Importing Defaults for AnimNotify_Scripted
Importing Defaults for AnimNotify_Trigger
Importing Defaults for AnimNotify_Script
Importing Defaults for AnimNotify_Sound
Importing Defaults for AnimNotify_DestroyEffect
Importing Defaults for AnimNotify_Effect
Importing Defaults for MatObject
Importing Defaults for MatSubAction
Importing Defaults for SubActionSceneSpeed
Importing Defaults for SubActionGameSpeed
Importing Defaults for SubActionOrientation
Importing Defaults for SubActionCameraShake
Importing Defaults for SubActionFOV
Importing Defaults for SubActionTrigger
Importing Defaults for SubActionFade
Importing Defaults for SubActionCameraEffect
Importing Defaults for MatAction
Importing Defaults for ActionPause
Importing Defaults for ActionMoveCamera
Importing Defaults for MeshObject
Importing Defaults for Player
Importing Defaults for PlayInfo
Importing Defaults for Interactions
Importing Defaults for InteractionMaster
Importing Defaults for Interaction
Importing Defaults for BaseGUIController
Importing Defaults for Console
Importing Defaults for AdminBase
Importing Defaults for Admin
Importing Defaults for PlayerInput
Importing Defaults for XBoxPlayerInput
Importing Defaults for CheatManager
Importing Defaults for Canvas
Importing Defaults for CameraEffect
Importing Defaults for CameraOverlay
Importing Defaults for MotionBlur
Importing Defaults for I3DL2Listener
Importing Defaults for Sound
Importing Defaults for SoundGroup
Importing Defaults for ProceduralSound
Importing Defaults for GameProfile
Importing Defaults for Manifest
Importing Defaults for LogEntry
Importing Defaults for LevelSummary
Importing Defaults for ReachSpec
Importing Defaults for Spline
Importing Defaults for KarmaParamsCollision
Importing Defaults for KarmaParams
Importing Defaults for KarmaParamsSkel
Importing Defaults for KarmaParamsRBFull
Importing Defaults for Bitmap
Importing Defaults for ExtraMeshData
Importing Defaults for L2EffectEmitter
Importing Defaults for L2SkillEffect
Importing Defaults for LadderInfo
Importing Defaults for MatchInfo
Importing Defaults for MeshComponent
Importing Defaults for MeshContainer
Importing Defaults for ObjectPool
Importing Defaults for PawnSheathingMgr
Importing Defaults for Resource
Importing Defaults for SimulationCollision
Importing Defaults for XAdminBase
Importing Defaults for xAdminConfigBase
Importing Defaults for xAdminGroup
Importing Defaults for xAdminGroupList
Importing Defaults for xAdminUser
Importing Defaults for xAdminUserList
Importing Defaults for xPrivilegeBase
--------------------------NWindow - Release---------------------------
Analyzing...
Parsing UIEventManager
Parsing WindowHandle
Parsing TextureHandle
Parsing AnimTextureHandle
Parsing BarHandle
Parsing ButtonHandle
Parsing CharacterViewportWindowHandle
Parsing TextListBoxHandle
Parsing ChatWindowHandle
Parsing CheckBoxHandle
Parsing ComboBoxHandle
Parsing DrawPanelHandle
Parsing EditBoxHandle
Parsing FlashCtrlHandle
Parsing HtmlHandle
Parsing ItemWindowHandle
Parsing ListBoxHandle
Parsing ListCtrlHandle
Parsing MinimapCtrlHandle
Parsing MultiEditBoxHandle
Parsing NameCtrlHandle
Parsing ProgressCtrlHandle
Parsing PropertyControllerHandle
Parsing RadarMapCtrlHandle
Parsing RadioButtonHandle
Parsing SceneCameraCtrlHandle
Parsing SceneMusicCtrlHandle
Parsing SceneNpcCtrlHandle
Parsing ScenePcCtrlHandle
Parsing SceneScreenCtrlHandle
Parsing SliderCtrlHandle
Parsing StatusBarHandle
Parsing StatusIconHandle
Parsing TabHandle
Parsing TextBoxHandle
Parsing TreeHandle
Parsing WebBrowserHandle
Parsing BookMarkAPI
Parsing EnchantAPI
Parsing EnsoulAPI
Parsing EventMatchAPI
Parsing FileListAPI
Parsing UIScript
Parsing GFxUIScript
Parsing GMAPI
Parsing HairshopAPI
Parsing InputAPI
Parsing ItemLookChangeAPI
Parsing MacroAPI
Parsing NewEnchantAPI
Parsing OBSAPI
Parsing PCCafeAPI
Parsing UIDataManager
Parsing PersonalConnectionAPI
Parsing StatisticAPI
Parsing UIDATA_AGIT
Parsing UIDATA_CLAN
Parsing UIDATA_ENSOUL
Parsing UIDATA_GAMETIP
Parsing UIDATA_HENNA
Parsing UIDATA_HUNTINGZONE
Parsing UIDATA_INVENTORY
Parsing UIDATA_ITEM
Parsing UIDATA_MACRO
Parsing UIDATA_NPC
Parsing UIDATA_PARTY
Parsing UIDATA_PAWNVIEWER
Parsing UIDATA_PET
Parsing UIDATA_PLAYER
Parsing UIDATA_QUEST
Parsing UIDATA_RAID
Parsing UIDATA_RECIPE
Parsing UIDATA_SKILL
Parsing UIDATA_STATICOBJECT
Parsing UIDATA_TARGET
Parsing UIDATA_TRANSFORM
Parsing UIDATA_TUTORIALLIST
Parsing UIDATA_USER
Parsing PetAPI
Parsing PostWndAPI
Parsing RecipeAPI
Parsing RefineryAPI
Parsing ShortcutAPI
Parsing TeamMatchAPI
Parsing UIAPI_WINDOW
Parsing UIAPI_BUTTON
Parsing UIAPI_CHECKBOX
Parsing UIAPI_COMBOBOX
Parsing UIAPI_EDITBOX
Parsing UIAPI_EFFECTBUTTON
Parsing UIAPI_INVENWEIGHT
Parsing UIAPI_ITEMWINDOW
Parsing UIAPI_LISTCTRL
Parsing UIAPI_MINIMAPCTRL
Parsing UIAPI_MULTIEDITBOX
Parsing UIAPI_MULTISELLITEMINFO
Parsing UIAPI_MULTISELLNEEDEDITEM
Parsing UIAPI_SHORTCUTITEMWINDOW
Parsing UIAPI_SLIDERCTRL
Parsing UIAPI_STATUSBARCTRL
Parsing UIAPI_STATUSICONCTRL
Parsing UIAPI_TEXTBOX
Parsing UIAPI_TEXTLISTBOX
Parsing UIAPI_TEXTURECTRL
Parsing UIAPI_TREECTRL
Parsing UnionActionAPI
Parsing VehicleAPI
Parsing GFxMovieView
Parsing ActionAPI
Parsing ArenaAPI
Parsing AuctionAPI
Parsing AudioAPI
Parsing CommandChannelAPI
Parsing ConsignmentSaleAPI
Parsing GFxValue
Parsing GraphicAPI
Parsing HennaAPI
Parsing HeroTowerAPI
Parsing MiniMapAPI
Parsing OlympiadAPI
Parsing PartyMatchAPI
Parsing PetitionAPI
Parsing QuestAPI
Parsing SceneEditorAPI
Parsing SiegeAPI
Parsing SSAOAPI
Parsing SSQAPI
Parsing TutorialAPI
Parsing UIDATA_REFINERYOPTION
Compiling UIEventManager
Compiling WindowHandle
Compiling TextureHandle
Compiling AnimTextureHandle
Compiling BarHandle
Compiling ButtonHandle
Compiling CharacterViewportWindowHandle
Compiling TextListBoxHandle
Compiling ChatWindowHandle
Compiling CheckBoxHandle
Compiling ComboBoxHandle
Compiling DrawPanelHandle
Compiling EditBoxHandle
Compiling FlashCtrlHandle
Compiling HtmlHandle
Compiling ItemWindowHandle
Compiling ListBoxHandle
Compiling ListCtrlHandle
Compiling MinimapCtrlHandle
Compiling MultiEditBoxHandle
Compiling NameCtrlHandle
Compiling ProgressCtrlHandle
Compiling PropertyControllerHandle
Compiling RadarMapCtrlHandle
Compiling RadioButtonHandle
Compiling SceneCameraCtrlHandle
Compiling SceneMusicCtrlHandle
Compiling SceneNpcCtrlHandle
Compiling ScenePcCtrlHandle
Compiling SceneScreenCtrlHandle
Compiling SliderCtrlHandle
Compiling StatusBarHandle
Compiling StatusIconHandle
Compiling TabHandle
Compiling TextBoxHandle
Compiling TreeHandle
Compiling WebBrowserHandle
Compiling BookMarkAPI
Compiling EnchantAPI
Compiling EnsoulAPI
Compiling EventMatchAPI
Compiling FileListAPI
Compiling UIScript
Compiling GFxUIScript
Compiling GMAPI
Compiling HairshopAPI
Compiling InputAPI
Compiling ItemLookChangeAPI
Compiling MacroAPI
Compiling NewEnchantAPI
Compiling OBSAPI
Compiling PCCafeAPI
Compiling UIDataManager
Compiling PersonalConnectionAPI
Compiling StatisticAPI
Compiling UIDATA_AGIT
Compiling UIDATA_CLAN
Compiling UIDATA_ENSOUL
Compiling UIDATA_GAMETIP
Compiling UIDATA_HENNA
Compiling UIDATA_HUNTINGZONE
Compiling UIDATA_INVENTORY
Compiling UIDATA_ITEM
Compiling UIDATA_MACRO
Compiling UIDATA_NPC
Compiling UIDATA_PARTY
Compiling UIDATA_PAWNVIEWER
Compiling UIDATA_PET
Compiling UIDATA_PLAYER
Compiling UIDATA_QUEST
Compiling UIDATA_RAID
Compiling UIDATA_RECIPE
Compiling UIDATA_SKILL
Compiling UIDATA_STATICOBJECT
Compiling UIDATA_TARGET
Compiling UIDATA_TRANSFORM
Compiling UIDATA_TUTORIALLIST
Compiling UIDATA_USER
Compiling PetAPI
Compiling PostWndAPI
Compiling RecipeAPI
Compiling RefineryAPI
Compiling ShortcutAPI
Compiling TeamMatchAPI
Compiling UIAPI_WINDOW
Compiling UIAPI_BUTTON
Compiling UIAPI_CHECKBOX
Compiling UIAPI_COMBOBOX
Compiling UIAPI_EDITBOX
Compiling UIAPI_EFFECTBUTTON
Compiling UIAPI_INVENWEIGHT
Compiling UIAPI_ITEMWINDOW
Compiling UIAPI_LISTCTRL
Compiling UIAPI_MINIMAPCTRL
Compiling UIAPI_MULTIEDITBOX
Compiling UIAPI_MULTISELLITEMINFO
Compiling UIAPI_MULTISELLNEEDEDITEM
Compiling UIAPI_SHORTCUTITEMWINDOW
Compiling UIAPI_SLIDERCTRL
Compiling UIAPI_STATUSBARCTRL
Compiling UIAPI_STATUSICONCTRL
Compiling UIAPI_TEXTBOX
Compiling UIAPI_TEXTLISTBOX
Compiling UIAPI_TEXTURECTRL
Compiling UIAPI_TREECTRL
Compiling UnionActionAPI
Compiling VehicleAPI
Compiling GFxMovieView
Compiling ActionAPI
Compiling ArenaAPI
Compiling AuctionAPI
Compiling AudioAPI
Compiling CommandChannelAPI
Compiling ConsignmentSaleAPI
Compiling GFxValue
Compiling GraphicAPI
Compiling HennaAPI
Compiling HeroTowerAPI
Compiling MiniMapAPI
Compiling OlympiadAPI
Compiling PartyMatchAPI
Compiling PetitionAPI
Compiling QuestAPI
Compiling SceneEditorAPI
Compiling SiegeAPI
Compiling SSAOAPI
Compiling SSQAPI
Compiling TutorialAPI
Compiling UIDATA_REFINERYOPTION
Importing Defaults for UIEventManager
Importing Defaults for WindowHandle
Importing Defaults for TextureHandle
Importing Defaults for AnimTextureHandle
Importing Defaults for BarHandle
Importing Defaults for ButtonHandle
Importing Defaults for CharacterViewportWindowHandle
Importing Defaults for TextListBoxHandle
Importing Defaults for ChatWindowHandle
Importing Defaults for CheckBoxHandle
Importing Defaults for ComboBoxHandle
Importing Defaults for DrawPanelHandle
Importing Defaults for EditBoxHandle
Importing Defaults for FlashCtrlHandle
Importing Defaults for HtmlHandle
Importing Defaults for ItemWindowHandle
Importing Defaults for ListBoxHandle
Importing Defaults for ListCtrlHandle
Importing Defaults for MinimapCtrlHandle
Importing Defaults for MultiEditBoxHandle
Importing Defaults for NameCtrlHandle
Importing Defaults for ProgressCtrlHandle
Importing Defaults for PropertyControllerHandle
Importing Defaults for RadarMapCtrlHandle
Importing Defaults for RadioButtonHandle
Importing Defaults for SceneCameraCtrlHandle
Importing Defaults for SceneMusicCtrlHandle
Importing Defaults for SceneNpcCtrlHandle
Importing Defaults for ScenePcCtrlHandle
Importing Defaults for SceneScreenCtrlHandle
Importing Defaults for SliderCtrlHandle
Importing Defaults for StatusBarHandle
Importing Defaults for StatusIconHandle
Importing Defaults for TabHandle
Importing Defaults for TextBoxHandle
Importing Defaults for TreeHandle
Importing Defaults for WebBrowserHandle
Importing Defaults for BookMarkAPI
Importing Defaults for EnchantAPI
Importing Defaults for EnsoulAPI
Importing Defaults for EventMatchAPI
Importing Defaults for FileListAPI
Importing Defaults for UIScript
Importing Defaults for GFxUIScript
Importing Defaults for GMAPI
Importing Defaults for HairshopAPI
Importing Defaults for InputAPI
Importing Defaults for ItemLookChangeAPI
Importing Defaults for MacroAPI
Importing Defaults for NewEnchantAPI
Importing Defaults for OBSAPI
Importing Defaults for PCCafeAPI
Importing Defaults for UIDataManager
Importing Defaults for PersonalConnectionAPI
Importing Defaults for StatisticAPI
Importing Defaults for UIDATA_AGIT
Importing Defaults for UIDATA_CLAN
Importing Defaults for UIDATA_ENSOUL
Importing Defaults for UIDATA_GAMETIP
Importing Defaults for UIDATA_HENNA
Importing Defaults for UIDATA_HUNTINGZONE
Importing Defaults for UIDATA_INVENTORY
Importing Defaults for UIDATA_ITEM
Importing Defaults for UIDATA_MACRO
Importing Defaults for UIDATA_NPC
Importing Defaults for UIDATA_PARTY
Importing Defaults for UIDATA_PAWNVIEWER
Importing Defaults for UIDATA_PET
Importing Defaults for UIDATA_PLAYER
Importing Defaults for UIDATA_QUEST
Importing Defaults for UIDATA_RAID
Importing Defaults for UIDATA_RECIPE
Importing Defaults for UIDATA_SKILL
Importing Defaults for UIDATA_STATICOBJECT
Importing Defaults for UIDATA_TARGET
Importing Defaults for UIDATA_TRANSFORM
Importing Defaults for UIDATA_TUTORIALLIST
Importing Defaults for UIDATA_USER
Importing Defaults for PetAPI
Importing Defaults for PostWndAPI
Importing Defaults for RecipeAPI
Importing Defaults for RefineryAPI
Importing Defaults for ShortcutAPI
Importing Defaults for TeamMatchAPI
Importing Defaults for UIAPI_WINDOW
Importing Defaults for UIAPI_BUTTON
Importing Defaults for UIAPI_CHECKBOX
Importing Defaults for UIAPI_COMBOBOX
Importing Defaults for UIAPI_EDITBOX
Importing Defaults for UIAPI_EFFECTBUTTON
Importing Defaults for UIAPI_INVENWEIGHT
Importing Defaults for UIAPI_ITEMWINDOW
Importing Defaults for UIAPI_LISTCTRL
Importing Defaults for UIAPI_MINIMAPCTRL
Importing Defaults for UIAPI_MULTIEDITBOX
Importing Defaults for UIAPI_MULTISELLITEMINFO
Importing Defaults for UIAPI_MULTISELLNEEDEDITEM
Importing Defaults for UIAPI_SHORTCUTITEMWINDOW
Importing Defaults for UIAPI_SLIDERCTRL
Importing Defaults for UIAPI_STATUSBARCTRL
Importing Defaults for UIAPI_STATUSICONCTRL
Importing Defaults for UIAPI_TEXTBOX
Importing Defaults for UIAPI_TEXTLISTBOX
Importing Defaults for UIAPI_TEXTURECTRL
Importing Defaults for UIAPI_TREECTRL
Importing Defaults for UnionActionAPI
Importing Defaults for VehicleAPI
Importing Defaults for GFxMovieView
Importing Defaults for ActionAPI
Importing Defaults for ArenaAPI
Importing Defaults for AuctionAPI
Importing Defaults for AudioAPI
Importing Defaults for CommandChannelAPI
Importing Defaults for ConsignmentSaleAPI
Importing Defaults for GFxValue
Importing Defaults for GraphicAPI
Importing Defaults for HennaAPI
Importing Defaults for HeroTowerAPI
Importing Defaults for MiniMapAPI
Importing Defaults for OlympiadAPI
Importing Defaults for PartyMatchAPI
Importing Defaults for PetitionAPI
Importing Defaults for QuestAPI
Importing Defaults for SceneEditorAPI
Importing Defaults for SiegeAPI
Importing Defaults for SSAOAPI
Importing Defaults for SSQAPI
Importing Defaults for TutorialAPI
Importing Defaults for UIDATA_REFINERYOPTION
-------------------------Interface - Release--------------------------
Analyzing...
Parsing L2UIGFxScript
Parsing AbilityWnd
Parsing AdenaDistributionResultWnd
Parsing AdenaDistributionWnd
Parsing AlchemyItemConversionWnd
Parsing AlchemyMixCubeWnd
Parsing AlchemyOpener
Parsing AlchemySkillCollectionWnd
Parsing AlterSkill
Parsing AlterSkillJump
Parsing AnniveEvent
Parsing AnniveEventLauncher
Parsing ArenaDualManager
Parsing ArenaMapGuidance
Parsing ArenaMatchGroupWnd
Parsing ArenaMatchWnd
Parsing ArenaPickWnd
Parsing ArenaRankingWnd
Parsing ArenaRevivalWnd
Parsing ArenaScoreBoardHUD
Parsing ArenaScoreBoardWnd
Parsing ArenaSkillUpgrade
Parsing AwakeViewWnd
Parsing CardExchange
Parsing CardExchangeB
Parsing CardExchangeC
Parsing CharacterCreateMenuWnd
Parsing ClanGfxWnd
Parsing ClanRaidsWnd
Parsing ClanSearch
Parsing ContainerWindow
Parsing ContextMenu
Parsing Credit
Parsing ExpBar
Parsing FactionWnd
Parsing Fishing
Parsing GfxDebug
Parsing GfxDialog
Parsing GfxScreenMessage
Parsing IngameShopBtnWnd
Parsing IngameShopWnd
Parsing InstancedZoneHistoryWnd
Parsing JobTreeWnd
Parsing LobbyMenuWnd
Parsing MainMenu
Parsing Menu
Parsing MenuWnd
Parsing MiniMapGfxWnd
Parsing MonsterBookWnd
Parsing MultiTimer
Parsing MysteriousMansionResultWnd
Parsing MysteriousMansionRoomListWnd
Parsing MysteriousMansionStatusWnd
Parsing NoticeWnd
Parsing OlympiadArenaListWnd
Parsing OlympiadResultWnd
Parsing OptionWnd
Parsing PlayerSkillGauge
Parsing RadarMapWnd
Parsing SceneClipView
Parsing UserAlertMessage
Parsing VipInfoWnd
Parsing WorldChatBox
Parsing AnnounceMessage
Parsing ArchiveHotLinkWnd
Parsing ArchiveViewWnd
Parsing ArmyTrainingCenterBottomWnd
Parsing ArmyTrainingCenterWnd
Parsing BeautyShop
Parsing L2UIGFxScriptNoneContainer
Parsing CardDrawEventWnd
Parsing EffectTester
Parsing ItemUpgrade
Parsing ChatAlertMessage
Parsing ContainerHUD
Parsing DamageText
Parsing EventChristmasWnd
Parsing EventKalie
Parsing L2UIToolTip
Parsing Login
Parsing LogInEula
Parsing LogInLoading
Parsing LogInMenu
Parsing LoginPIAgreementWnd
Parsing LoginServerSelect
Parsing LoginSystemMessageWnd
Parsing LuckyGame
Parsing Sample
Parsing ToolTipWnd
Parsing UIDebugWnd
Parsing AITimerWnd
Parsing BenchMarkMenuWnd
Parsing BlockCounter
Parsing BlockCurTriggerWnd
Parsing BoardWnd
Parsing CleftCounter
Parsing CleftCurTriggerWnd
Parsing CleftEnterWnd
Parsing CouponEventWnd
Parsing FlightShipCtrlWnd
Parsing FlightTeleportWnd
Parsing FlightTransformCtrlWnd
Parsing GametipWnd
Parsing KillpointCounterWnd
Parsing KillpointRankTrigger
Parsing KillPointRankWnd
Parsing LoadingAniWnd
Parsing MiniGame1Wnd
Parsing MysteriousMansionControlWnd
Parsing OlympiadControlWnd
Parsing OlympiadTargetWnd
Parsing OnScreenMessageWnd
Parsing PartyWndOption
Parsing PlayerAgeWnd
Parsing PVPCounter
Parsing PVPCounterTrigger
Parsing PVPDetailedWnd
Parsing QuestListWnd
Parsing ReplayLogoWnd
Parsing ReplayLogoWnd_cn
Parsing ReplayLogoWnd_de
Parsing ReplayLogoWnd_e
Parsing ReplayLogoWnd_eu
Parsing ReplayLogoWnd_fr
Parsing ReplayLogoWnd_id
Parsing ReplayLogoWnd_j
Parsing ReplayLogoWnd_k
Parsing ReplayLogoWnd_ph
Parsing ReplayLogoWnd_pl
Parsing ReplayLogoWnd_ru
Parsing ReplayLogoWnd_th
Parsing ReplayLogoWnd_tr
Parsing ReplayLogoWnd_tw
Parsing ShaderBuild
Parsing SSQMainBoard
Parsing TownMapWnd
Parsing UIConstants
Parsing UICommonAPI
Parsing AbnormalStatusWnd
Parsing ActionWnd
Parsing AgeWnd
Parsing AgitDecoDrawerWnd
Parsing AgitDecoWnd
Parsing AlchemySkillLearnWnd
Parsing AlchemySkillWnd
Parsing ArenaTutorialWnd
Parsing ArmorEnchantEffectTestWnd
Parsing AttendCheckWnd
Parsing AttributeEnchantWnd
Parsing AttributeRemoveWnd
Parsing AuctionNextWnd
Parsing AuctionWnd
Parsing AutoShotItemWnd
Parsing BirthdayAlarmBtn
Parsing BirthdayAlarmWnd
Parsing BlockCurWnd
Parsing BlockEnterWnd
Parsing BOTsystemWnd
Parsing BR_CampaignAlarmWnd
Parsing BR_CampaignTopContributorListWnd
Parsing BR_CashShopAPI
Parsing BR_CashShopBtnWnd
Parsing BR_CashShopReceiverListAddWnd
Parsing BR_EventChristmasWnd
Parsing BR_EventDefaultWnd
Parsing BR_EventFastivalInkWnd
Parsing BR_EventFireWnd
Parsing BR_EventHalloweenTodayWnd
Parsing BR_EventHalloweenWnd
Parsing BR_EventHtmlWndA
Parsing BR_EventHtmlWndB
Parsing BR_EventHtmlWndC
Parsing BR_MiniGameRankWnd
Parsing BR_MyShopWnd
Parsing BR_NewBuyingWnd
Parsing BR_NewCashShopReceiverListWnd
Parsing BR_NewCashShopWnd
Parsing BR_NewPresentBuyingWnd
Parsing BR_PathWnd
Parsing BuilderCmdWnd
Parsing CalculatorWnd
Parsing CampaignAlarmWnd
Parsing CampaignTopContributorListWnd
Parsing CharacterPasswordHelpHtmlWnd
Parsing CharacterPasswordWnd
Parsing ChatFontsizeWnd
Parsing ChatWnd
Parsing ClanDrawerWnd
Parsing UIData
Parsing ClanDrawerWndClassic
Parsing ClanWndClassic
Parsing ClanPledgeBonusDrawerWnd
Parsing ClanPledgeBonusDrawerWndClassic
Parsing ClanShopEditWnd
Parsing ClanShopWnd
Parsing ClanWnd
Parsing GMClanWnd
Parsing CleftCurWnd
Parsing ColorNickNameWnd
Parsing ConsoleWnd
Parsing CrystallizationWnd
Parsing DeliverWnd
Parsing DepthOfField
Parsing DetailStatusWnd
Parsing GMDetailStatusWnd
Parsing DetailStatusWndClassic
Parsing DialogBox
Parsing DominionWarInfoWnd
Parsing DuelManager
Parsing EnsoulExtractSubWnd
Parsing EnsoulExtractWnd
Parsing EnsoulSubWnd
Parsing EnsoulWnd
Parsing EnvTestWnd
Parsing ErtheiaTestWnd
Parsing EventInfoWnd
Parsing EventMatchGMFenceWnd
Parsing EventMatchGMMsgWnd
Parsing EventMatchGMWnd
Parsing EventMatchObserverWnd
Parsing EventMatchSpecialMsgWnd
Parsing FileListWnd
Parsing FileRegisterWnd
Parsing FileWnd
Parsing FishViewportWnd
Parsing GMFindTreeWnd
Parsing InventoryWnd
Parsing GMInventoryWnd
Parsing MagicSkillWnd
Parsing GMMagicSkillWnd
Parsing QuestTreeWnd
Parsing GMQuestWnd
Parsing GMSnoopWnd
Parsing WarehouseWnd
Parsing GMWarehouseWnd
Parsing GMWnd
Parsing HairshopWnd
Parsing HDRRenderTestWnd
Parsing HelpHtmlWnd
Parsing HelpWnd
Parsing HennaInfoPremiumWnd
Parsing HennaInfoWnd
Parsing HennaListWnd
Parsing HeroTowerWnd
Parsing HeroTowerWndWorld
Parsing InfoWnd
Parsing IngameNoticeWnd
Parsing IngameWebWnd
Parsing InventoryViewer
Parsing InviteClanPopWnd
Parsing InviteClanPopWndClassic
Parsing ItemAttributeChangeWnd
Parsing ItemDescWnd
Parsing ItemEnchantWnd
Parsing ItemJewelEnchantSubWnd
Parsing ItemJewelEnchantWnd
Parsing ItemLockSubWnd
Parsing ItemLockWnd
Parsing ItemLookChangeWnd
Parsing L2Util
Parsing LoadingWnd
Parsing LoadingWnd_cn
Parsing LoadingWnd_de
Parsing LoadingWnd_e
Parsing LoadingWnd_eu
Parsing LoadingWnd_fr
Parsing LoadingWnd_id
Parsing LoadingWnd_j
Parsing LoadingWnd_k
Parsing LoadingWnd_ph
Parsing LoadingWnd_pl
Parsing LoadingWnd_ru
Parsing LoadingWnd_th
Parsing LoadingWnd_tr
Parsing LoadingWnd_tw
Parsing MacroEditWnd
Parsing MacroListWnd
Parsing MacroPresetWnd
Parsing MagicSkillDrawerWnd
Parsing MagicskillGuideWnd
Parsing MailBtnWnd
Parsing ManorCropInfoChangeWnd
Parsing ManorCropInfoSettingWnd
Parsing ManorCropSellChangeWnd
Parsing ManorCropSellWnd
Parsing ManorInfoWnd
Parsing ManorSeedInfoChangeWnd
Parsing ManorSeedInfoSettingWnd
Parsing SeedShopWnd
Parsing ManorShopWnd
Parsing MinimapMissionWnd
Parsing MinimapWnd
Parsing MonsterArenaResultWnd
Parsing MonsterBookDetailedInfo
Parsing MovieCaptureWnd
Parsing MovieCaptureWnd_Expand
Parsing MSProfilerWnd
Parsing MSViewerWnd
Parsing MultiSellWnd
Parsing MysteriousMansionMenuWnd
Parsing NewPetitionFeedBackResultWnd
Parsing NewPetitionFeedBackWnd
Parsing NewPetitionFeedBackWnd_2nd
Parsing NewPetitionWnd
Parsing NewUserPetitionDrawerWnd
Parsing NewUserPetitionWnd
Parsing NPCDialogWnd
Parsing ObserverWnd
Parsing OlympiadBuffWnd
Parsing OlympiadBuff1Wnd
Parsing OlympiadBuff2Wnd
Parsing OlympiadGuideWnd
Parsing OlympiadPlayerWnd
Parsing OlympiadPlayer1Wnd
Parsing OlympiadPlayer2Wnd
Parsing PacketTest
Parsing PartyMatchMakeRoomWnd
Parsing PartyMatchWndCommon
Parsing PartyMatchOutWaitListWnd
Parsing PartyMatchRoomWnd
Parsing PartyMatchWaitListWnd
Parsing PartyMatchWnd
Parsing UnionMatchMakeRoomWnd
Parsing UnionMatchWnd
Parsing PartyWnd
Parsing PartyWndArena
Parsing PartyWndCompact
Parsing PersonalConnectionsDrawerWnd
Parsing PersonalConnectionsWnd
Parsing PetitionFeedBackWnd
Parsing PetitionWnd
Parsing PetStatusWnd
Parsing PetWnd
Parsing PledgeCreateWnd
Parsing PostBoxWnd
Parsing PostDetailWnd_General
Parsing PostDetailWnd_SafetyTrade
Parsing PostEffectTestWnd
Parsing PostReceiverListAddWnd
Parsing PostReceiverListWnd
Parsing PostWriteWnd
Parsing PremiumItemAlarmWnd
Parsing PremiumItemGetWnd
Parsing PrivateMarketWnd
Parsing PrivateShopWnd
Parsing PrivateShopWndHistory
Parsing PrivateShopWndReport
Parsing ProductInventoryDrawerWnd
Parsing ProductInventoryHelpHtmlWnd
Parsing ProductInventoryWnd
Parsing ProgressBox
Parsing PVBuilderCmdWnd
Parsing QuestAlarmWnd
Parsing QuestBtnWnd
Parsing QuestHTMLWnd
Parsing QuestTreeDrawerWnd
Parsing QuestTutorialWnd
Parsing QuitReportDrawerWnd
Parsing QuitReportWnd
Parsing RecipeBookWnd
Parsing RecipeBuyListWnd
Parsing RecipeBuyManufactureWnd
Parsing RecipeManufactureWnd
Parsing RecipeShopWnd
Parsing RecipeTreeWnd
Parsing RecommendBonusHelpHtmlWnd
Parsing RecommendBonusWnd
Parsing RefineryWnd
Parsing ReplayListWnd
Parsing RestartMenuWnd
Parsing SceneEditorSlideWnd
Parsing SceneEditorWnd
Parsing SelectDeliverWnd
Parsing SellingAgencyWnd
Parsing SheathingWnd
Parsing ShopWnd
Parsing Shortcut
Parsing ShortcutWnd
Parsing ShortcutWndArena
Parsing SiegeInfoWnd
Parsing SiegeReportWnd
Parsing SkillLearnWnd
Parsing SkillTrainClanTreeWnd
Parsing SkillTrainInfoWnd
Parsing SkillTrainListWnd
Parsing SSAOWnd
Parsing StatusWnd
Parsing SummonedStatusWnd
Parsing SummonedWnd
Parsing SummonedWndClassic
Parsing SystemMenuWnd
Parsing SystemMsgWnd
Parsing TargetStatusBuff1Wnd
Parsing TargetStatusBuff2Wnd
Parsing TargetStatusWnd
Parsing TargetStatusWndArena
Parsing TeleportBookMarkDrawerWnd
Parsing TeleportBookMarkWnd
Parsing ToDoListClanWnd
Parsing ToDoListWnd
Parsing TokenTradeWnd
Parsing ToolTip
Parsing TradeWnd
Parsing TutorialBtnWnd
Parsing TutorialViewerWnd
Parsing UIEasyLoginWnd
Parsing UIEditor_ControlManager
Parsing UIEditor_DocumentInfo
Parsing UIEditor_FileManager
Parsing UIEditor_PropertyController
Parsing UIEditor_Worksheet
Parsing UIHtmlToolWnd
Parsing UIItemToolWnd
Parsing UIOpenToolWnd
Parsing UIPowerToolWnd
Parsing UIQuestToolWnd
Parsing UISearchMapWnd
Parsing UIServerHtmlToolWnd
Parsing UIToolWnd
Parsing UnionDetailWnd
Parsing UnionDetailWndClassic
Parsing UnionMatchDrawerWnd
Parsing UnionWnd
Parsing UniversalToolTip
Parsing UnrefineryWnd
Parsing UserPetitionWnd
Parsing ViewPortWndBase
Parsing ViewPortWndEffect
Parsing ViewPortWndMonster
Parsing W24HzWnd
Parsing WeatherWnd
Parsing WebBrowserWnd
Parsing WebPetitionWnd
Parsing XMasSealWnd
Parsing ZoneQuestAlarmWnd
Parsing ZoneQuestSituationWnd
Parsing ZoneTitleWnd
Compiling L2UIGFxScript
Compiling AbilityWnd
Compiling AdenaDistributionResultWnd
Compiling AdenaDistributionWnd
Compiling AlchemyItemConversionWnd
Compiling AlchemyMixCubeWnd
Compiling AlchemyOpener
Compiling AlchemySkillCollectionWnd
Compiling AlterSkill
Compiling AlterSkillJump
Compiling AnniveEvent
Compiling AnniveEventLauncher
Compiling ArenaDualManager
Compiling ArenaMapGuidance
Compiling ArenaMatchGroupWnd
Compiling ArenaMatchWnd
Compiling ArenaPickWnd
Compiling ArenaRankingWnd
Compiling ArenaRevivalWnd
Compiling ArenaScoreBoardHUD
Compiling ArenaScoreBoardWnd
Compiling ArenaSkillUpgrade
Compiling AwakeViewWnd
Compiling CardExchange
Compiling CardExchangeB
Compiling CardExchangeC
Compiling CharacterCreateMenuWnd
Compiling ClanGfxWnd
Compiling ClanRaidsWnd
Compiling ClanSearch
Compiling ContainerWindow
Compiling ContextMenu
Compiling Credit
Compiling ExpBar
Compiling FactionWnd
Compiling Fishing
Compiling GfxDebug
Compiling GfxDialog
Compiling GfxScreenMessage
Compiling IngameShopBtnWnd
Compiling IngameShopWnd
Compiling InstancedZoneHistoryWnd
Compiling JobTreeWnd
Compiling LobbyMenuWnd
Compiling MainMenu
Compiling Menu
Compiling MenuWnd
Compiling MiniMapGfxWnd
Compiling MonsterBookWnd
Compiling MultiTimer
Compiling MysteriousMansionResultWnd
Compiling MysteriousMansionRoomListWnd
Compiling MysteriousMansionStatusWnd
Compiling NoticeWnd
Compiling OlympiadArenaListWnd
Compiling OlympiadResultWnd
Compiling OptionWnd
Compiling PlayerSkillGauge
Compiling RadarMapWnd
Compiling SceneClipView
Compiling UserAlertMessage
Compiling VipInfoWnd
Compiling WorldChatBox
Compiling AnnounceMessage
Compiling ArchiveHotLinkWnd
Compiling ArchiveViewWnd
Compiling ArmyTrainingCenterBottomWnd
Compiling ArmyTrainingCenterWnd
Compiling BeautyShop
Compiling L2UIGFxScriptNoneContainer
Compiling CardDrawEventWnd
Compiling EffectTester
Compiling ItemUpgrade
Compiling ChatAlertMessage
Compiling ContainerHUD
Compiling DamageText
Compiling EventChristmasWnd
Compiling EventKalie
Compiling L2UIToolTip
Compiling Login
Compiling LogInEula
Compiling LogInLoading
Compiling LogInMenu
Compiling LoginPIAgreementWnd
Compiling LoginServerSelect
Compiling LoginSystemMessageWnd
Compiling LuckyGame
Compiling Sample
Compiling ToolTipWnd
Compiling UIDebugWnd
Compiling AITimerWnd
Compiling BenchMarkMenuWnd
Compiling BlockCounter
Compiling BlockCurTriggerWnd
Compiling BoardWnd
Compiling CleftCounter
Compiling CleftCurTriggerWnd
Compiling CleftEnterWnd
Compiling CouponEventWnd
Compiling FlightShipCtrlWnd
Compiling FlightTeleportWnd
Compiling FlightTransformCtrlWnd
Compiling GametipWnd
Compiling KillpointCounterWnd
Compiling KillpointRankTrigger
Compiling KillPointRankWnd
Compiling LoadingAniWnd
Compiling MiniGame1Wnd
Compiling MysteriousMansionControlWnd
Compiling OlympiadControlWnd
Compiling OlympiadTargetWnd
Compiling OnScreenMessageWnd
Compiling PartyWndOption
Compiling PlayerAgeWnd
Compiling PVPCounter
Compiling PVPCounterTrigger
Compiling PVPDetailedWnd
Compiling QuestListWnd
Compiling ReplayLogoWnd
Compiling ReplayLogoWnd_cn
Compiling ReplayLogoWnd_de
Compiling ReplayLogoWnd_e
Compiling ReplayLogoWnd_eu
Compiling ReplayLogoWnd_fr
Compiling ReplayLogoWnd_id
Compiling ReplayLogoWnd_j
Compiling ReplayLogoWnd_k
Compiling ReplayLogoWnd_ph
Compiling ReplayLogoWnd_pl
Compiling ReplayLogoWnd_ru
Compiling ReplayLogoWnd_th
Compiling ReplayLogoWnd_tr
Compiling ReplayLogoWnd_tw
Compiling ShaderBuild
Compiling SSQMainBoard
Compiling TownMapWnd
Compiling UIConstants
Compiling UICommonAPI
Compiling AbnormalStatusWnd
Compiling ActionWnd
Compiling AgeWnd
Compiling AgitDecoDrawerWnd
Compiling AgitDecoWnd
Compiling AlchemySkillLearnWnd
Compiling AlchemySkillWnd
Compiling ArenaTutorialWnd
Compiling ArmorEnchantEffectTestWnd
Compiling AttendCheckWnd
Compiling AttributeEnchantWnd
Compiling AttributeRemoveWnd
Compiling AuctionNextWnd
Compiling AuctionWnd
Compiling AutoShotItemWnd
Compiling BirthdayAlarmBtn
Compiling BirthdayAlarmWnd
Compiling BlockCurWnd
Compiling BlockEnterWnd
Compiling BOTsystemWnd
Compiling BR_CampaignAlarmWnd
Compiling BR_CampaignTopContributorListWnd
Compiling BR_CashShopAPI
Compiling BR_CashShopBtnWnd
Compiling BR_CashShopReceiverListAddWnd
Compiling BR_EventChristmasWnd
Compiling BR_EventDefaultWnd
Compiling BR_EventFastivalInkWnd
Compiling BR_EventFireWnd
Compiling BR_EventHalloweenTodayWnd
Compiling BR_EventHalloweenWnd
Compiling BR_EventHtmlWndA
Compiling BR_EventHtmlWndB
Compiling BR_EventHtmlWndC
Compiling BR_MiniGameRankWnd
Compiling BR_MyShopWnd
Compiling BR_NewBuyingWnd
Compiling BR_NewCashShopReceiverListWnd
Compiling BR_NewCashShopWnd
Compiling BR_NewPresentBuyingWnd
Compiling BR_PathWnd
Compiling BuilderCmdWnd
Compiling CalculatorWnd
Compiling CampaignAlarmWnd
Compiling CampaignTopContributorListWnd
Compiling CharacterPasswordHelpHtmlWnd
Compiling CharacterPasswordWnd
Compiling ChatFontsizeWnd
Compiling ChatWnd
Compiling ClanDrawerWnd
Compiling UIData
Compiling ClanDrawerWndClassic
Compiling ClanWndClassic
Compiling ClanPledgeBonusDrawerWnd
Compiling ClanPledgeBonusDrawerWndClassic
Compiling ClanShopEditWnd
Compiling ClanShopWnd
Compiling ClanWnd
Compiling GMClanWnd
Compiling CleftCurWnd
Compiling ColorNickNameWnd
Compiling ConsoleWnd
Compiling CrystallizationWnd
Compiling DeliverWnd
Compiling DepthOfField
Compiling DetailStatusWnd
Compiling GMDetailStatusWnd
Compiling DetailStatusWndClassic
Compiling DialogBox
Compiling DominionWarInfoWnd
Compiling DuelManager
Compiling EnsoulExtractSubWnd
Compiling EnsoulExtractWnd
Compiling EnsoulSubWnd
Compiling EnsoulWnd
Compiling EnvTestWnd
Compiling ErtheiaTestWnd
Compiling EventInfoWnd
Compiling EventMatchGMFenceWnd
Compiling EventMatchGMMsgWnd
Compiling EventMatchGMWnd
Compiling EventMatchObserverWnd
Compiling EventMatchSpecialMsgWnd
Compiling FileListWnd
Compiling FileRegisterWnd
Compiling FileWnd
Compiling FishViewportWnd
Compiling GMFindTreeWnd
Compiling InventoryWnd
Compiling GMInventoryWnd
Compiling MagicSkillWnd
Compiling GMMagicSkillWnd
Compiling QuestTreeWnd
Compiling GMQuestWnd
Compiling GMSnoopWnd
Compiling WarehouseWnd
Compiling GMWarehouseWnd
Compiling GMWnd
Compiling HairshopWnd
Compiling HDRRenderTestWnd
Compiling HelpHtmlWnd
Compiling HelpWnd
Compiling HennaInfoPremiumWnd
Compiling HennaInfoWnd
Compiling HennaListWnd
Compiling HeroTowerWnd
Compiling HeroTowerWndWorld
Compiling InfoWnd
Compiling IngameNoticeWnd
Compiling IngameWebWnd
Compiling InventoryViewer
Compiling InviteClanPopWnd
Compiling InviteClanPopWndClassic
Compiling ItemAttributeChangeWnd
Compiling ItemDescWnd
Compiling ItemEnchantWnd
Compiling ItemJewelEnchantSubWnd
Compiling ItemJewelEnchantWnd
Compiling ItemLockSubWnd
Compiling ItemLockWnd
Compiling ItemLookChangeWnd
Compiling L2Util
Compiling LoadingWnd
Compiling LoadingWnd_cn
Compiling LoadingWnd_de
Compiling LoadingWnd_e
Compiling LoadingWnd_eu
Compiling LoadingWnd_fr
Compiling LoadingWnd_id
Compiling LoadingWnd_j
Compiling LoadingWnd_k
Compiling LoadingWnd_ph
Compiling LoadingWnd_pl
Compiling LoadingWnd_ru
Compiling LoadingWnd_th
Compiling LoadingWnd_tr
Compiling LoadingWnd_tw
Compiling MacroEditWnd
Compiling MacroListWnd
Compiling MacroPresetWnd
Compiling MagicSkillDrawerWnd
Compiling MagicskillGuideWnd
Compiling MailBtnWnd
Compiling ManorCropInfoChangeWnd
Compiling ManorCropInfoSettingWnd
Compiling ManorCropSellChangeWnd
Compiling ManorCropSellWnd
Compiling ManorInfoWnd
Compiling ManorSeedInfoChangeWnd
Compiling ManorSeedInfoSettingWnd
Compiling SeedShopWnd
Compiling ManorShopWnd
Compiling MinimapMissionWnd
Compiling MinimapWnd
Compiling MonsterArenaResultWnd
Compiling MonsterBookDetailedInfo
Compiling MovieCaptureWnd
Compiling MovieCaptureWnd_Expand
Compiling MSProfilerWnd
Compiling MSViewerWnd
Compiling MultiSellWnd
Compiling MysteriousMansionMenuWnd
Compiling NewPetitionFeedBackResultWnd
Compiling NewPetitionFeedBackWnd
Compiling NewPetitionFeedBackWnd_2nd
Compiling NewPetitionWnd
Compiling NewUserPetitionDrawerWnd
Compiling NewUserPetitionWnd
Compiling NPCDialogWnd
Compiling ObserverWnd
Compiling OlympiadBuffWnd
Compiling OlympiadBuff1Wnd
Compiling OlympiadBuff2Wnd
Compiling OlympiadGuideWnd
Compiling OlympiadPlayerWnd
Compiling OlympiadPlayer1Wnd
Compiling OlympiadPlayer2Wnd
Compiling PacketTest
Compiling PartyMatchMakeRoomWnd
Compiling PartyMatchWndCommon
Compiling PartyMatchOutWaitListWnd
Compiling PartyMatchRoomWnd
Compiling PartyMatchWaitListWnd
Compiling PartyMatchWnd
Compiling UnionMatchMakeRoomWnd
Compiling UnionMatchWnd
Compiling PartyWnd
Compiling PartyWndArena
Compiling PartyWndCompact
Compiling PersonalConnectionsDrawerWnd
Compiling PersonalConnectionsWnd
Compiling PetitionFeedBackWnd
Compiling PetitionWnd
Compiling PetStatusWnd
Compiling PetWnd
Compiling PledgeCreateWnd
Compiling PostBoxWnd
Compiling PostDetailWnd_General
Compiling PostDetailWnd_SafetyTrade
Compiling PostEffectTestWnd
Compiling PostReceiverListAddWnd
Compiling PostReceiverListWnd
Compiling PostWriteWnd
Compiling PremiumItemAlarmWnd
Compiling PremiumItemGetWnd
Compiling PrivateMarketWnd
Compiling PrivateShopWnd
Compiling PrivateShopWndHistory
Compiling PrivateShopWndReport
Compiling ProductInventoryDrawerWnd
Compiling ProductInventoryHelpHtmlWnd
Compiling ProductInventoryWnd
Compiling ProgressBox
Compiling PVBuilderCmdWnd
Compiling QuestAlarmWnd
Compiling QuestBtnWnd
Compiling QuestHTMLWnd
Compiling QuestTreeDrawerWnd
Compiling QuestTutorialWnd
Compiling QuitReportDrawerWnd
Compiling QuitReportWnd
Compiling RecipeBookWnd
Compiling RecipeBuyListWnd
Compiling RecipeBuyManufactureWnd
Compiling RecipeManufactureWnd
Compiling RecipeShopWnd
Compiling RecipeTreeWnd
Compiling RecommendBonusHelpHtmlWnd
Compiling RecommendBonusWnd
Compiling RefineryWnd
Compiling ReplayListWnd
Compiling RestartMenuWnd
Compiling SceneEditorSlideWnd
Compiling SceneEditorWnd
Compiling SelectDeliverWnd
Compiling SellingAgencyWnd
Compiling SheathingWnd
Compiling ShopWnd
Compiling Shortcut
Compiling ShortcutWnd
Compiling ShortcutWndArena
Compiling SiegeInfoWnd
Compiling SiegeReportWnd
Compiling SkillLearnWnd
Compiling SkillTrainClanTreeWnd
Compiling SkillTrainInfoWnd
Compiling SkillTrainListWnd
Compiling SSAOWnd
Compiling StatusWnd
Compiling SummonedStatusWnd
Compiling SummonedWnd
Compiling SummonedWndClassic
Compiling SystemMenuWnd
Compiling SystemMsgWnd
Compiling TargetStatusBuff1Wnd
Compiling TargetStatusBuff2Wnd
Compiling TargetStatusWnd
Compiling TargetStatusWndArena
Compiling TeleportBookMarkDrawerWnd
Compiling TeleportBookMarkWnd
Compiling ToDoListClanWnd
Compiling ToDoListWnd
Compiling TokenTradeWnd
Compiling ToolTip
Compiling TradeWnd
Compiling TutorialBtnWnd
Compiling TutorialViewerWnd
Compiling UIEasyLoginWnd
Compiling UIEditor_ControlManager
Compiling UIEditor_DocumentInfo
Compiling UIEditor_FileManager
Compiling UIEditor_PropertyController
Compiling UIEditor_Worksheet
Compiling UIHtmlToolWnd
Compiling UIItemToolWnd
Compiling UIOpenToolWnd
Compiling UIPowerToolWnd
Compiling UIQuestToolWnd
Compiling UISearchMapWnd
Compiling UIServerHtmlToolWnd
Compiling UIToolWnd
Compiling UnionDetailWnd
Compiling UnionDetailWndClassic
Compiling UnionMatchDrawerWnd
Compiling UnionWnd
Compiling UniversalToolTip
Compiling UnrefineryWnd
Compiling UserPetitionWnd
Compiling ViewPortWndBase
Compiling ViewPortWndEffect
Compiling ViewPortWndMonster
Compiling W24HzWnd
Compiling WeatherWnd
Compiling WebBrowserWnd
Compiling WebPetitionWnd
Compiling XMasSealWnd
Compiling ZoneQuestAlarmWnd
Compiling ZoneQuestSituationWnd
Compiling ZoneTitleWnd
Importing Defaults for L2UIGFxScript
Importing Defaults for AbilityWnd
Importing Defaults for AdenaDistributionResultWnd
Importing Defaults for AdenaDistributionWnd
Importing Defaults for AlchemyItemConversionWnd
Importing Defaults for AlchemyMixCubeWnd
Importing Defaults for AlchemyOpener
Importing Defaults for AlchemySkillCollectionWnd
Importing Defaults for AlterSkill
Importing Defaults for AlterSkillJump
Importing Defaults for AnniveEvent
Importing Defaults for AnniveEventLauncher
Importing Defaults for ArenaDualManager
Importing Defaults for ArenaMapGuidance
Importing Defaults for ArenaMatchGroupWnd
Importing Defaults for ArenaMatchWnd
Importing Defaults for ArenaPickWnd
Importing Defaults for ArenaRankingWnd
Importing Defaults for ArenaRevivalWnd
Importing Defaults for ArenaScoreBoardHUD
Importing Defaults for ArenaScoreBoardWnd
Importing Defaults for ArenaSkillUpgrade
Importing Defaults for AwakeViewWnd
Importing Defaults for CardExchange
Importing Defaults for CardExchangeB
Importing Defaults for CardExchangeC
Importing Defaults for CharacterCreateMenuWnd
Importing Defaults for ClanGfxWnd
Importing Defaults for ClanRaidsWnd
Importing Defaults for ClanSearch
Importing Defaults for ContainerWindow
Importing Defaults for ContextMenu
Importing Defaults for Credit
Importing Defaults for ExpBar
Importing Defaults for FactionWnd
Importing Defaults for Fishing
Importing Defaults for GfxDebug
Importing Defaults for GfxDialog
Importing Defaults for GfxScreenMessage
Importing Defaults for IngameShopBtnWnd
Importing Defaults for IngameShopWnd
Importing Defaults for InstancedZoneHistoryWnd
Importing Defaults for JobTreeWnd
Importing Defaults for LobbyMenuWnd
Importing Defaults for MainMenu
Importing Defaults for Menu
Importing Defaults for MenuWnd
Importing Defaults for MiniMapGfxWnd
Importing Defaults for MonsterBookWnd
Importing Defaults for MultiTimer
Importing Defaults for MysteriousMansionResultWnd
Importing Defaults for MysteriousMansionRoomListWnd
Importing Defaults for MysteriousMansionStatusWnd
Importing Defaults for NoticeWnd
Importing Defaults for OlympiadArenaListWnd
Importing Defaults for OlympiadResultWnd
Importing Defaults for OptionWnd
Importing Defaults for PlayerSkillGauge
Importing Defaults for RadarMapWnd
Importing Defaults for SceneClipView
Importing Defaults for UserAlertMessage
Importing Defaults for VipInfoWnd
Importing Defaults for WorldChatBox
Importing Defaults for AnnounceMessage
Importing Defaults for ArchiveHotLinkWnd
Importing Defaults for ArchiveViewWnd
Importing Defaults for ArmyTrainingCenterBottomWnd
Importing Defaults for ArmyTrainingCenterWnd
Importing Defaults for BeautyShop
Importing Defaults for L2UIGFxScriptNoneContainer
Importing Defaults for CardDrawEventWnd
Importing Defaults for EffectTester
Importing Defaults for ItemUpgrade
Importing Defaults for ChatAlertMessage
Importing Defaults for ContainerHUD
Importing Defaults for DamageText
Importing Defaults for EventChristmasWnd
Importing Defaults for EventKalie
Importing Defaults for L2UIToolTip
Importing Defaults for Login
Importing Defaults for LogInEula
Importing Defaults for LogInLoading
Importing Defaults for LogInMenu
Importing Defaults for LoginPIAgreementWnd
Importing Defaults for LoginServerSelect
Importing Defaults for LoginSystemMessageWnd
Importing Defaults for LuckyGame
Importing Defaults for Sample
Importing Defaults for ToolTipWnd
Importing Defaults for UIDebugWnd
Importing Defaults for AITimerWnd
Importing Defaults for BenchMarkMenuWnd
Importing Defaults for BlockCounter
Importing Defaults for BlockCurTriggerWnd
Importing Defaults for BoardWnd
Importing Defaults for CleftCounter
Importing Defaults for CleftCurTriggerWnd
Importing Defaults for CleftEnterWnd
Importing Defaults for CouponEventWnd
Importing Defaults for FlightShipCtrlWnd
Importing Defaults for FlightTeleportWnd
Importing Defaults for FlightTransformCtrlWnd
Importing Defaults for GametipWnd
Importing Defaults for KillpointCounterWnd
Importing Defaults for KillpointRankTrigger
Importing Defaults for KillPointRankWnd
Importing Defaults for LoadingAniWnd
Importing Defaults for MiniGame1Wnd
Importing Defaults for MysteriousMansionControlWnd
Importing Defaults for OlympiadControlWnd
Importing Defaults for OlympiadTargetWnd
Importing Defaults for OnScreenMessageWnd
Importing Defaults for PartyWndOption
Importing Defaults for PlayerAgeWnd
Importing Defaults for PVPCounter
Importing Defaults for PVPCounterTrigger
Importing Defaults for PVPDetailedWnd
Importing Defaults for QuestListWnd
Importing Defaults for ReplayLogoWnd
Importing Defaults for ReplayLogoWnd_cn
Importing Defaults for ReplayLogoWnd_de
Importing Defaults for ReplayLogoWnd_e
Importing Defaults for ReplayLogoWnd_eu
Importing Defaults for ReplayLogoWnd_fr
Importing Defaults for ReplayLogoWnd_id
Importing Defaults for ReplayLogoWnd_j
Importing Defaults for ReplayLogoWnd_k
Importing Defaults for ReplayLogoWnd_ph
Importing Defaults for ReplayLogoWnd_pl
Importing Defaults for ReplayLogoWnd_ru
Importing Defaults for ReplayLogoWnd_th
Importing Defaults for ReplayLogoWnd_tr
Importing Defaults for ReplayLogoWnd_tw
Importing Defaults for ShaderBuild
Importing Defaults for SSQMainBoard
Importing Defaults for TownMapWnd
Importing Defaults for UIConstants
Importing Defaults for UICommonAPI
Importing Defaults for AbnormalStatusWnd
Importing Defaults for ActionWnd
Importing Defaults for AgeWnd
Importing Defaults for AgitDecoDrawerWnd
Importing Defaults for AgitDecoWnd
Importing Defaults for AlchemySkillLearnWnd
Importing Defaults for AlchemySkillWnd
Importing Defaults for ArenaTutorialWnd
Importing Defaults for ArmorEnchantEffectTestWnd
Importing Defaults for AttendCheckWnd
Importing Defaults for AttributeEnchantWnd
Importing Defaults for AttributeRemoveWnd
Importing Defaults for AuctionNextWnd
Importing Defaults for AuctionWnd
Importing Defaults for AutoShotItemWnd
Importing Defaults for BirthdayAlarmBtn
Importing Defaults for BirthdayAlarmWnd
Importing Defaults for BlockCurWnd
Importing Defaults for BlockEnterWnd
Importing Defaults for BOTsystemWnd
Importing Defaults for BR_CampaignAlarmWnd
Importing Defaults for BR_CampaignTopContributorListWnd
Importing Defaults for BR_CashShopAPI
Importing Defaults for BR_CashShopBtnWnd
Importing Defaults for BR_CashShopReceiverListAddWnd
Importing Defaults for BR_EventChristmasWnd
Importing Defaults for BR_EventDefaultWnd
Importing Defaults for BR_EventFastivalInkWnd
Importing Defaults for BR_EventFireWnd
Importing Defaults for BR_EventHalloweenTodayWnd
Importing Defaults for BR_EventHalloweenWnd
Importing Defaults for BR_EventHtmlWndA
Importing Defaults for BR_EventHtmlWndB
Importing Defaults for BR_EventHtmlWndC
Importing Defaults for BR_MiniGameRankWnd
Importing Defaults for BR_MyShopWnd
Importing Defaults for BR_NewBuyingWnd
Importing Defaults for BR_NewCashShopReceiverListWnd
Importing Defaults for BR_NewCashShopWnd
Importing Defaults for BR_NewPresentBuyingWnd
Importing Defaults for BR_PathWnd
Importing Defaults for BuilderCmdWnd
Importing Defaults for CalculatorWnd
Importing Defaults for CampaignAlarmWnd
Importing Defaults for CampaignTopContributorListWnd
Importing Defaults for CharacterPasswordHelpHtmlWnd
Importing Defaults for CharacterPasswordWnd
Importing Defaults for ChatFontsizeWnd
Importing Defaults for ChatWnd
Importing Defaults for ClanDrawerWnd
Importing Defaults for UIData
Importing Defaults for ClanDrawerWndClassic
Importing Defaults for ClanWndClassic
Importing Defaults for ClanPledgeBonusDrawerWnd
Importing Defaults for ClanPledgeBonusDrawerWndClassic
Importing Defaults for ClanShopEditWnd
Importing Defaults for ClanShopWnd
Importing Defaults for ClanWnd
Importing Defaults for GMClanWnd
Importing Defaults for CleftCurWnd
Importing Defaults for ColorNickNameWnd
Importing Defaults for ConsoleWnd
Importing Defaults for CrystallizationWnd
Importing Defaults for DeliverWnd
Importing Defaults for DepthOfField
Importing Defaults for DetailStatusWnd
Importing Defaults for GMDetailStatusWnd
Importing Defaults for DetailStatusWndClassic
Importing Defaults for DialogBox
Importing Defaults for DominionWarInfoWnd
Importing Defaults for DuelManager
Importing Defaults for EnsoulExtractSubWnd
Importing Defaults for EnsoulExtractWnd
Importing Defaults for EnsoulSubWnd
Importing Defaults for EnsoulWnd
Importing Defaults for EnvTestWnd
Importing Defaults for ErtheiaTestWnd
Importing Defaults for EventInfoWnd
Importing Defaults for EventMatchGMFenceWnd
Importing Defaults for EventMatchGMMsgWnd
Importing Defaults for EventMatchGMWnd
Importing Defaults for EventMatchObserverWnd
Importing Defaults for EventMatchSpecialMsgWnd
Importing Defaults for FileListWnd
Importing Defaults for FileRegisterWnd
Importing Defaults for FileWnd
Importing Defaults for FishViewportWnd
Importing Defaults for GMFindTreeWnd
Importing Defaults for InventoryWnd
Importing Defaults for GMInventoryWnd
Importing Defaults for MagicSkillWnd
Importing Defaults for GMMagicSkillWnd
Importing Defaults for QuestTreeWnd
Importing Defaults for GMQuestWnd
Importing Defaults for GMSnoopWnd
Importing Defaults for WarehouseWnd
Importing Defaults for GMWarehouseWnd
Importing Defaults for GMWnd
Importing Defaults for HairshopWnd
Importing Defaults for HDRRenderTestWnd
Importing Defaults for HelpHtmlWnd
Importing Defaults for HelpWnd
Importing Defaults for HennaInfoPremiumWnd
Importing Defaults for HennaInfoWnd
Importing Defaults for HennaListWnd
Importing Defaults for HeroTowerWnd
Importing Defaults for HeroTowerWndWorld
Importing Defaults for InfoWnd
Importing Defaults for IngameNoticeWnd
Importing Defaults for IngameWebWnd
Importing Defaults for InventoryViewer
Importing Defaults for InviteClanPopWnd
Importing Defaults for InviteClanPopWndClassic
Importing Defaults for ItemAttributeChangeWnd
Importing Defaults for ItemDescWnd
Importing Defaults for ItemEnchantWnd
Importing Defaults for ItemJewelEnchantSubWnd
Importing Defaults for ItemJewelEnchantWnd
Importing Defaults for ItemLockSubWnd
Importing Defaults for ItemLockWnd
Importing Defaults for ItemLookChangeWnd
Importing Defaults for L2Util
Importing Defaults for LoadingWnd
Importing Defaults for LoadingWnd_cn
Importing Defaults for LoadingWnd_de
Importing Defaults for LoadingWnd_e
Importing Defaults for LoadingWnd_eu
Importing Defaults for LoadingWnd_fr
Importing Defaults for LoadingWnd_id
Importing Defaults for LoadingWnd_j
Importing Defaults for LoadingWnd_k
Importing Defaults for LoadingWnd_ph
Importing Defaults for LoadingWnd_pl
Importing Defaults for LoadingWnd_ru
Importing Defaults for LoadingWnd_th
Importing Defaults for LoadingWnd_tr
Importing Defaults for LoadingWnd_tw
Importing Defaults for MacroEditWnd
Importing Defaults for MacroListWnd
Importing Defaults for MacroPresetWnd
Importing Defaults for MagicSkillDrawerWnd
Importing Defaults for MagicskillGuideWnd
Importing Defaults for MailBtnWnd
Importing Defaults for ManorCropInfoChangeWnd
Importing Defaults for ManorCropInfoSettingWnd
Importing Defaults for ManorCropSellChangeWnd
Importing Defaults for ManorCropSellWnd
Importing Defaults for ManorInfoWnd
Importing Defaults for ManorSeedInfoChangeWnd
Importing Defaults for ManorSeedInfoSettingWnd
Importing Defaults for SeedShopWnd
Importing Defaults for ManorShopWnd
Importing Defaults for MinimapMissionWnd
Importing Defaults for MinimapWnd
Importing Defaults for MonsterArenaResultWnd
Importing Defaults for MonsterBookDetailedInfo
Importing Defaults for MovieCaptureWnd
Importing Defaults for MovieCaptureWnd_Expand
Importing Defaults for MSProfilerWnd
Importing Defaults for MSViewerWnd
Importing Defaults for MultiSellWnd
Importing Defaults for MysteriousMansionMenuWnd
Importing Defaults for NewPetitionFeedBackResultWnd
Importing Defaults for NewPetitionFeedBackWnd
Importing Defaults for NewPetitionFeedBackWnd_2nd
Importing Defaults for NewPetitionWnd
Importing Defaults for NewUserPetitionDrawerWnd
Importing Defaults for NewUserPetitionWnd
Importing Defaults for NPCDialogWnd
Importing Defaults for ObserverWnd
Importing Defaults for OlympiadBuffWnd
Importing Defaults for OlympiadBuff1Wnd
Importing Defaults for OlympiadBuff2Wnd
Importing Defaults for OlympiadGuideWnd
Importing Defaults for OlympiadPlayerWnd
Importing Defaults for OlympiadPlayer1Wnd
Importing Defaults for OlympiadPlayer2Wnd
Importing Defaults for PacketTest
Importing Defaults for PartyMatchMakeRoomWnd
Importing Defaults for PartyMatchWndCommon
Importing Defaults for PartyMatchOutWaitListWnd
Importing Defaults for PartyMatchRoomWnd
Importing Defaults for PartyMatchWaitListWnd
Importing Defaults for PartyMatchWnd
Importing Defaults for UnionMatchMakeRoomWnd
Importing Defaults for UnionMatchWnd
Importing Defaults for PartyWnd
Importing Defaults for PartyWndArena
Importing Defaults for PartyWndCompact
Importing Defaults for PersonalConnectionsDrawerWnd
Importing Defaults for PersonalConnectionsWnd
Importing Defaults for PetitionFeedBackWnd
Importing Defaults for PetitionWnd
Importing Defaults for PetStatusWnd
Importing Defaults for PetWnd
Importing Defaults for PledgeCreateWnd
Importing Defaults for PostBoxWnd
Importing Defaults for PostDetailWnd_General
Importing Defaults for PostDetailWnd_SafetyTrade
Importing Defaults for PostEffectTestWnd
Importing Defaults for PostReceiverListAddWnd
Importing Defaults for PostReceiverListWnd
Importing Defaults for PostWriteWnd
Importing Defaults for PremiumItemAlarmWnd
Importing Defaults for PremiumItemGetWnd
Importing Defaults for PrivateMarketWnd
Importing Defaults for PrivateShopWnd
Importing Defaults for PrivateShopWndHistory
Importing Defaults for PrivateShopWndReport
Importing Defaults for ProductInventoryDrawerWnd
Importing Defaults for ProductInventoryHelpHtmlWnd
Importing Defaults for ProductInventoryWnd
Importing Defaults for ProgressBox
Importing Defaults for PVBuilderCmdWnd
Importing Defaults for QuestAlarmWnd
Importing Defaults for QuestBtnWnd
Importing Defaults for QuestHTMLWnd
Importing Defaults for QuestTreeDrawerWnd
Importing Defaults for QuestTutorialWnd
Importing Defaults for QuitReportDrawerWnd
Importing Defaults for QuitReportWnd
Importing Defaults for RecipeBookWnd
Importing Defaults for RecipeBuyListWnd
Importing Defaults for RecipeBuyManufactureWnd
Importing Defaults for RecipeManufactureWnd
Importing Defaults for RecipeShopWnd
Importing Defaults for RecipeTreeWnd
Importing Defaults for RecommendBonusHelpHtmlWnd
Importing Defaults for RecommendBonusWnd
Importing Defaults for RefineryWnd
Importing Defaults for ReplayListWnd
Importing Defaults for RestartMenuWnd
Importing Defaults for SceneEditorSlideWnd
Importing Defaults for SceneEditorWnd
Importing Defaults for SelectDeliverWnd
Importing Defaults for SellingAgencyWnd
Importing Defaults for SheathingWnd
Importing Defaults for ShopWnd
Importing Defaults for Shortcut
Importing Defaults for ShortcutWnd
Importing Defaults for ShortcutWndArena
Importing Defaults for SiegeInfoWnd
Importing Defaults for SiegeReportWnd
Importing Defaults for SkillLearnWnd
Importing Defaults for SkillTrainClanTreeWnd
Importing Defaults for SkillTrainInfoWnd
Importing Defaults for SkillTrainListWnd
Importing Defaults for SSAOWnd
Importing Defaults for StatusWnd
Importing Defaults for SummonedStatusWnd
Importing Defaults for SummonedWnd
Importing Defaults for SummonedWndClassic
Importing Defaults for SystemMenuWnd
Importing Defaults for SystemMsgWnd
Importing Defaults for TargetStatusBuff1Wnd
Importing Defaults for TargetStatusBuff2Wnd
Importing Defaults for TargetStatusWnd
Importing Defaults for TargetStatusWndArena
Importing Defaults for TeleportBookMarkDrawerWnd
Importing Defaults for TeleportBookMarkWnd
Importing Defaults for ToDoListClanWnd
Importing Defaults for ToDoListWnd
Importing Defaults for TokenTradeWnd
Importing Defaults for ToolTip
Importing Defaults for TradeWnd
Importing Defaults for TutorialBtnWnd
Importing Defaults for TutorialViewerWnd
Importing Defaults for UIEasyLoginWnd
Importing Defaults for UIEditor_ControlManager
Importing Defaults for UIEditor_DocumentInfo
Importing Defaults for UIEditor_FileManager
Importing Defaults for UIEditor_PropertyController
Importing Defaults for UIEditor_Worksheet
Importing Defaults for UIHtmlToolWnd
Importing Defaults for UIItemToolWnd
Importing Defaults for UIOpenToolWnd
Importing Defaults for UIPowerToolWnd
Importing Defaults for UIQuestToolWnd
Importing Defaults for UISearchMapWnd
Importing Defaults for UIServerHtmlToolWnd
Importing Defaults for UIToolWnd
Importing Defaults for UnionDetailWnd
Importing Defaults for UnionDetailWndClassic
Importing Defaults for UnionMatchDrawerWnd
Importing Defaults for UnionWnd
Importing Defaults for UniversalToolTip
Importing Defaults for UnrefineryWnd
Importing Defaults for UserPetitionWnd
Importing Defaults for ViewPortWndBase
Importing Defaults for ViewPortWndEffect
Importing Defaults for ViewPortWndMonster
Importing Defaults for W24HzWnd
Importing Defaults for WeatherWnd
Importing Defaults for WebBrowserWnd
Importing Defaults for WebPetitionWnd
Importing Defaults for XMasSealWnd
Importing Defaults for ZoneQuestAlarmWnd
Importing Defaults for ZoneQuestSituationWnd
Importing Defaults for ZoneTitleWnd
Success - 0 error(s), 0 warning(s)
Log file closed, 05/05/26 19:20:27
